1764542862.96	Script path: /Users/jonathankawchuk/Library/Application Support/REAPER/Scripts/HeDaScripts/Track Templates VIP/
1764542862.9612	HeDaScripts path: /Users/jonathankawchuk/Library/Application Support/REAPER/Scripts/HeDaScripts/
1764542862.9612	Name script: Track Templates VIP
1764542862.9613	Version: 1.8.1
1764542862.9614	Instance: 3
1764542862.9615	Custom Instance: no
1764542862.9616	Settings file: /Users/jonathankawchuk/Library/Application Support/REAPER/Scripts/HeDaScripts/Track Templates VIP settings/TT_Settings_3.cfg
1764542862.9617	Default Settings file: /Users/jonathankawchuk/Library/Application Support/REAPER/Scripts/HeDaScripts/Track Templates VIP/Default Settings.cfg
1764542862.9618	Load theme...
1764542862.962	loading theme.: /Users/jonathankawchuk/Library/Application Support/REAPER/Scripts/HeDaScripts/Track Templates VIP/Default_6.0.TT_theme
1764542862.9626	loading theme...: /Users/jonathankawchuk/Library/Application Support/REAPER/Scripts/HeDaScripts/Track Templates VIP settings/Default_6.0.TT_theme
1764542862.9628	Default_6.0 - theme loaded.
1764542862.9629	Initializing...
1764542862.9958	Reading templates directory...
1764542862.9963	31 entries
1764542862.9964	Run...
1764542862.9965	__- 1
1764542862.9966	__- 2
1764542862.9979	__- 4
1764542862.998	__- draw items
1764542862.999	__- 6b
1764542862.9991	__- draw menu
1764542863.0267	Reading icons...
1764542863.0633	Reading icons...
1764542863.074	Reading icons...
1764542874.3177	Saving settings...
1764542874.3182	Exit
1764542874.3202	Saving settings...
1764542874.3205	Exit
1764542874.3206	Saving settings...
1764542874.3208	Exit
